// Jest Snapshot v1, https://goo.gl/fbAQLP

exports[`<Todos /> should render correctly 1`] = `
<Fragment>
  <AddTodo
    addToDoHandler={[Function]}
  />
  <TodoList
    deleteTodoHandler={[Function]}
    todos={Array []}
  />
</Fragment>
`;
